---
source: crates/engine/src/migrate.rs
expression: state
---
{
  "version": 3,
  "orientation": {
    "quarterTurns": 0,
    "mirror": false
  },
  "items": [],
  "margin": {
    "kind": "paperEdge",
    "margin": 0.0
  },
  "enhance": {
    "mode": "original"
  },
  "split": {
    "policy": "never",
    "profile": "photos",
    "orderMode": "reading",
    "nextId": 0
  }
}
